
Database successfully opened  

===========
DB SQL operation [ATTACH DATABASE ':memory:' AS mem] started
Camel SQL Exec:
ATTACH DATABASE ':memory:' AS mem
DB Operation ended. Time Taken : 0.000263
###########

===========
DB SQL operation [CREATE TABLE IF NOT EXISTS folders ( folder_name TEXT PRIMARY KEY, version REAL, flags INTEGER, nextuid INTEGER, time NUMERIC, saved_count INTEGER, unread_count INTEGER, deleted_count INTEGER, junk_count INTEGER, visible_count INTEGER, jnd_count INTEGER, bdata TEXT )] started
Camel SQL Exec:
CREATE TABLE IF NOT EXISTS folders ( folder_name TEXT PRIMARY KEY, version REAL, flags INTEGER, nextuid INTEGER, time NUMERIC, saved_count INTEGER, unread_count INTEGER, deleted_count INTEGER, junk_count INTEGER, visible_count INTEGER, jnd_count INTEGER, bdata TEXT )
DB Operation ended. Time Taken : 0.000012
###########

Database successfully opened  

===========
DB SQL operation [ATTACH DATABASE ':memory:' AS mem] started
Camel SQL Exec:
ATTACH DATABASE ':memory:' AS mem
DB Operation ended. Time Taken : 0.000102
###########

===========
DB SQL operation [CREATE TABLE IF NOT EXISTS folders ( folder_name TEXT PRIMARY KEY, version REAL, flags INTEGER, nextuid INTEGER, time NUMERIC, saved_count INTEGER, unread_count INTEGER, deleted_count INTEGER, junk_count INTEGER, visible_count INTEGER, jnd_count INTEGER, bdata TEXT )] started
Camel SQL Exec:
CREATE TABLE IF NOT EXISTS folders ( folder_name TEXT PRIMARY KEY, version REAL, flags INTEGER, nextuid INTEGER, time NUMERIC, saved_count INTEGER, unread_count INTEGER, deleted_count INTEGER, junk_count INTEGER, visible_count INTEGER, jnd_count INTEGER, bdata TEXT )
DB Operation ended. Time Taken : 0.000012
###########

Database successfully opened  

===========
DB SQL operation [ATTACH DATABASE ':memory:' AS mem] started
Camel SQL Exec:
ATTACH DATABASE ':memory:' AS mem
DB Operation ended. Time Taken : 0.000192
###########

===========
DB SQL operation [CREATE TABLE IF NOT EXISTS folders ( folder_name TEXT PRIMARY KEY, version REAL, flags INTEGER, nextuid INTEGER, time NUMERIC, saved_count INTEGER, unread_count INTEGER, deleted_count INTEGER, junk_count INTEGER, visible_count INTEGER, jnd_count INTEGER, bdata TEXT )] started
Camel SQL Exec:
CREATE TABLE IF NOT EXISTS folders ( folder_name TEXT PRIMARY KEY, version REAL, flags INTEGER, nextuid INTEGER, time NUMERIC, saved_count INTEGER, unread_count INTEGER, deleted_count INTEGER, junk_count INTEGER, visible_count INTEGER, jnd_count INTEGER, bdata TEXT )
DB Operation ended. Time Taken : 0.000010
###########

Database successfully opened  

===========
DB SQL operation [ATTACH DATABASE ':memory:' AS mem] started
Camel SQL Exec:
ATTACH DATABASE ':memory:' AS mem
DB Operation ended. Time Taken : 0.000163
###########

===========
DB SQL operation [CREATE TABLE IF NOT EXISTS folders ( folder_name TEXT PRIMARY KEY, version REAL, flags INTEGER, nextuid INTEGER, time NUMERIC, saved_count INTEGER, unread_count INTEGER, deleted_count INTEGER, junk_count INTEGER, visible_count INTEGER, jnd_count INTEGER, bdata TEXT )] started
Camel SQL Exec:
CREATE TABLE IF NOT EXISTS folders ( folder_name TEXT PRIMARY KEY, version REAL, flags INTEGER, nextuid INTEGER, time NUMERIC, saved_count INTEGER, unread_count INTEGER, deleted_count INTEGER, junk_count INTEGER, visible_count INTEGER, jnd_count INTEGER, bdata TEXT )
DB Operation ended. Time Taken : 0.000010
###########

Database successfully opened  

===========
DB SQL operation [ATTACH DATABASE ':memory:' AS mem] started
Camel SQL Exec:
ATTACH DATABASE ':memory:' AS mem
DB Operation ended. Time Taken : 0.000074
###########

===========
DB SQL operation [CREATE TABLE IF NOT EXISTS folders ( folder_name TEXT PRIMARY KEY, version REAL, flags INTEGER, nextuid INTEGER, time NUMERIC, saved_count INTEGER, unread_count INTEGER, deleted_count INTEGER, junk_count INTEGER, visible_count INTEGER, jnd_count INTEGER, bdata TEXT )] started
Camel SQL Exec:
CREATE TABLE IF NOT EXISTS folders ( folder_name TEXT PRIMARY KEY, version REAL, flags INTEGER, nextuid INTEGER, time NUMERIC, saved_count INTEGER, unread_count INTEGER, deleted_count INTEGER, junk_count INTEGER, visible_count INTEGER, jnd_count INTEGER, bdata TEXT )
DB Operation ended. Time Taken : 0.000010
###########

Database successfully opened  

===========
DB SQL operation [ATTACH DATABASE ':memory:' AS mem] started
Camel SQL Exec:
ATTACH DATABASE ':memory:' AS mem
DB Operation ended. Time Taken : 0.000137
###########

===========
DB SQL operation [CREATE TABLE IF NOT EXISTS folders ( folder_name TEXT PRIMARY KEY, version REAL, flags INTEGER, nextuid INTEGER, time NUMERIC, saved_count INTEGER, unread_count INTEGER, deleted_count INTEGER, junk_count INTEGER, visible_count INTEGER, jnd_count INTEGER, bdata TEXT )] started
Camel SQL Exec:
CREATE TABLE IF NOT EXISTS folders ( folder_name TEXT PRIMARY KEY, version REAL, flags INTEGER, nextuid INTEGER, time NUMERIC, saved_count INTEGER, unread_count INTEGER, deleted_count INTEGER, junk_count INTEGER, visible_count INTEGER, jnd_count INTEGER, bdata TEXT )
DB Operation ended. Time Taken : 0.000013
###########

camel_db_select:
SELECT * FROM folders WHERE folder_name = 'Inbox' 

===========
DB SQL operation [SELECT * FROM folders WHERE folder_name = 'Inbox'] started
Camel SQL Exec:
SELECT * FROM folders WHERE folder_name = 'Inbox'
DB Operation ended. Time Taken : 0.000034
###########

camel_db_select:
SELECT * FROM folders WHERE folder_name = 'Drafts' 

===========
DB SQL operation [SELECT * FROM folders WHERE folder_name = 'Drafts'] started
Camel SQL Exec:
SELECT * FROM folders WHERE folder_name = 'Drafts'
DB Operation ended. Time Taken : 0.000019
###########

camel_db_select:
SELECT * FROM folders WHERE folder_name = 'Outbox' 

===========
DB SQL operation [SELECT * FROM folders WHERE folder_name = 'Outbox'] started
Camel SQL Exec:
SELECT * FROM folders WHERE folder_name = 'Outbox'

read_fir_callback called 
DB Operation ended. Time Taken : 0.000026
###########

camel_db_select:
SELECT * FROM folders WHERE folder_name = 'Sent' 

===========
DB SQL operation [SELECT * FROM folders WHERE folder_name = 'Sent'] started
Camel SQL Exec:
SELECT * FROM folders WHERE folder_name = 'Sent'

read_fir_callback called 
DB Operation ended. Time Taken : 0.000019
###########

camel_db_select:
SELECT * FROM folders WHERE folder_name = 'Templates' 

===========
DB SQL operation [SELECT * FROM folders WHERE folder_name = 'Templates'] started
Camel SQL Exec:
SELECT * FROM folders WHERE folder_name = 'Templates'
DB Operation ended. Time Taken : 0.000011
###########
Thread 0x55b406f225a0 >
Get folder info(0x55b40736f180:local, '<null>') =
  full_name: Inbox
  flags: 00000448
  full_name: Drafts
  flags: 00000008
  full_name: Outbox
  flags: 00000808
  full_name: Sent
  flags: 00001408
  full_name: Templates
  flags: 00000008
  full_name: .#evolution/Trash
  flags: 00000cf2
  full_name: .#evolution/Junk
  flags: 000010f2
< 0x55b406f225a0 >
Creating Collation (null) on dreceived with (nil)

camel_db_select:
SELECT * FROM folders WHERE folder_name = 'Inbox' 

===========
DB SQL operation [SELECT * FROM folders WHERE folder_name = 'Inbox'] started
Camel SQL Exec:
SELECT * FROM folders WHERE folder_name = 'Inbox'
DB Operation ended. Time Taken : 0.000022
###########

===========
DB SQL operation [SAVEPOINT TN1] started
Camel SQL Exec:
SAVEPOINT TN1
Camel SQL Exec:
CREATE TABLE IF NOT EXISTS 'Inbox' ( uid TEXT PRIMARY KEY , flags INTEGER , msg_type INTEGER , read INTEGER , deleted INTEGER , replied INTEGER , important INTEGER , junk INTEGER , attachment INTEGER , dirty INTEGER , size INTEGER , dsent NUMERIC , dreceived NUMERIC , subject TEXT , mail_from TEXT , mail_to TEXT , mail_cc TEXT , mlist TEXT , followup_flag TEXT , followup_completed_on TEXT , followup_due_by TEXT , part TEXT , labels TEXT , usertags TEXT , cinfo TEXT , bdata TEXT, userheaders TEXT, preview TEXT, created TEXT, modified TEXT)
Camel SQL Exec:
DROP INDEX IF EXISTS 'SINDEX-Inbox'
Camel SQL Exec:
CREATE INDEX IF NOT EXISTS 'DELINDEX-Inbox' ON 'Inbox' (deleted)
Camel SQL Exec:
CREATE INDEX IF NOT EXISTS 'JUNKINDEX-Inbox' ON 'Inbox' (junk)
Camel SQL Exec:
CREATE INDEX IF NOT EXISTS 'READINDEX-Inbox' ON 'Inbox' (read)
Camel SQL Exec:
RELEASE SAVEPOINT TN1
DB Operation ended. Time Taken : 0.000031
###########

camel_db_select:
SELECT version FROM 'Inbox_version' 

===========
DB SQL operation [SELECT version FROM 'Inbox_version'] started
Camel SQL Exec:
SELECT version FROM 'Inbox_version'
DB Operation ended. Time Taken : 0.000015
###########

camel_db_select:
SELECT uid,flags FROM 'Inbox' order by dreceived 

===========
DB SQL operation [SELECT uid,flags FROM 'Inbox' order by dreceived] started
Camel SQL Exec:
SELECT uid,flags FROM 'Inbox' order by dreceived
DB Operation ended. Time Taken : 0.000016
###########
Creating Collation (null) on dreceived with (nil)

camel_db_select:
SELECT * FROM folders WHERE folder_name = 'Drafts' 

===========
DB SQL operation [SELECT * FROM folders WHERE folder_name = 'Drafts'] started
Camel SQL Exec:
SELECT * FROM folders WHERE folder_name = 'Drafts'
DB Operation ended. Time Taken : 0.000028
###########

===========
DB SQL operation [SAVEPOINT TN1] started
Camel SQL Exec:
SAVEPOINT TN1
Camel SQL Exec:
CREATE TABLE IF NOT EXISTS 'Drafts' ( uid TEXT PRIMARY KEY , flags INTEGER , msg_type INTEGER , read INTEGER , deleted INTEGER , replied INTEGER , important INTEGER , junk INTEGER , attachment INTEGER , dirty INTEGER , size INTEGER , dsent NUMERIC , dreceived NUMERIC , subject TEXT , mail_from TEXT , mail_to TEXT , mail_cc TEXT , mlist TEXT , followup_flag TEXT , followup_completed_on TEXT , followup_due_by TEXT , part TEXT , labels TEXT , usertags TEXT , cinfo TEXT , bdata TEXT, userheaders TEXT, preview TEXT, created TEXT, modified TEXT)
Camel SQL Exec:
DROP INDEX IF EXISTS 'SINDEX-Drafts'
Camel SQL Exec:
CREATE INDEX IF NOT EXISTS 'DELINDEX-Drafts' ON 'Drafts' (deleted)
Camel SQL Exec:
CREATE INDEX IF NOT EXISTS 'JUNKINDEX-Drafts' ON 'Drafts' (junk)
Camel SQL Exec:
CREATE INDEX IF NOT EXISTS 'READINDEX-Drafts' ON 'Drafts' (read)
Camel SQL Exec:
RELEASE SAVEPOINT TN1
DB Operation ended. Time Taken : 0.000029
###########

camel_db_select:
SELECT version FROM 'Drafts_version' 

===========
DB SQL operation [SELECT version FROM 'Drafts_version'] started
Camel SQL Exec:
SELECT version FROM 'Drafts_version'
DB Operation ended. Time Taken : 0.000013
###########

camel_db_select:
SELECT uid,flags FROM 'Drafts' order by dreceived 

===========
DB SQL operation [SELECT uid,flags FROM 'Drafts' order by dreceived] started
Camel SQL Exec:
SELECT uid,flags FROM 'Drafts' order by dreceived
DB Operation ended. Time Taken : 0.000014
###########
Creating Collation (null) on dreceived with (nil)

camel_db_select:
SELECT * FROM folders WHERE folder_name = 'Outbox' 

===========
DB SQL operation [SELECT * FROM folders WHERE folder_name = 'Outbox'] started
Camel SQL Exec:
SELECT * FROM folders WHERE folder_name = 'Outbox'

read_fir_callback called 
DB Operation ended. Time Taken : 0.000027
###########

===========
DB SQL operation [SAVEPOINT TN1] started
Camel SQL Exec:
SAVEPOINT TN1
Camel SQL Exec:
CREATE TABLE IF NOT EXISTS 'Outbox' ( uid TEXT PRIMARY KEY , flags INTEGER , msg_type INTEGER , read INTEGER , deleted INTEGER , replied INTEGER , important INTEGER , junk INTEGER , attachment INTEGER , dirty INTEGER , size INTEGER , dsent NUMERIC , dreceived NUMERIC , subject TEXT , mail_from TEXT , mail_to TEXT , mail_cc TEXT , mlist TEXT , followup_flag TEXT , followup_completed_on TEXT , followup_due_by TEXT , part TEXT , labels TEXT , usertags TEXT , cinfo TEXT , bdata TEXT, userheaders TEXT, preview TEXT, created TEXT, modified TEXT)
Camel SQL Exec:
DROP INDEX IF EXISTS 'SINDEX-Outbox'
Camel SQL Exec:
CREATE INDEX IF NOT EXISTS 'DELINDEX-Outbox' ON 'Outbox' (deleted)
Camel SQL Exec:
CREATE INDEX IF NOT EXISTS 'JUNKINDEX-Outbox' ON 'Outbox' (junk)
Camel SQL Exec:
CREATE INDEX IF NOT EXISTS 'READINDEX-Outbox' ON 'Outbox' (read)
Camel SQL Exec:
RELEASE SAVEPOINT TN1
DB Operation ended. Time Taken : 0.000028
###########

camel_db_select:
SELECT version FROM 'Outbox_version' 

===========
DB SQL operation [SELECT version FROM 'Outbox_version'] started
Camel SQL Exec:
SELECT version FROM 'Outbox_version'
DB Operation ended. Time Taken : 0.000013
###########

camel_db_select:
SELECT uid,flags FROM 'Outbox' order by dreceived 

===========
DB SQL operation [SELECT uid,flags FROM 'Outbox' order by dreceived] started
Camel SQL Exec:
SELECT uid,flags FROM 'Outbox' order by dreceived
DB Operation ended. Time Taken : 0.000021
###########
Creating Collation (null) on dreceived with (nil)

camel_db_select:
SELECT * FROM folders WHERE folder_name = 'Sent' 

===========
DB SQL operation [SELECT * FROM folders WHERE folder_name = 'Sent'] started
Camel SQL Exec:
SELECT * FROM folders WHERE folder_name = 'Sent'

read_fir_callback called 
DB Operation ended. Time Taken : 0.000024
###########

===========
DB SQL operation [SAVEPOINT TN1] started
Camel SQL Exec:
SAVEPOINT TN1
Camel SQL Exec:
CREATE TABLE IF NOT EXISTS 'Sent' ( uid TEXT PRIMARY KEY , flags INTEGER , msg_type INTEGER , read INTEGER , deleted INTEGER , replied INTEGER , important INTEGER , junk INTEGER , attachment INTEGER , dirty INTEGER , size INTEGER , dsent NUMERIC , dreceived NUMERIC , subject TEXT , mail_from TEXT , mail_to TEXT , mail_cc TEXT , mlist TEXT , followup_flag TEXT , followup_completed_on TEXT , followup_due_by TEXT , part TEXT , labels TEXT , usertags TEXT , cinfo TEXT , bdata TEXT, userheaders TEXT, preview TEXT, created TEXT, modified TEXT)
Camel SQL Exec:
DROP INDEX IF EXISTS 'SINDEX-Sent'
Camel SQL Exec:
CREATE INDEX IF NOT EXISTS 'DELINDEX-Sent' ON 'Sent' (deleted)
Camel SQL Exec:
CREATE INDEX IF NOT EXISTS 'JUNKINDEX-Sent' ON 'Sent' (junk)
Camel SQL Exec:
CREATE INDEX IF NOT EXISTS 'READINDEX-Sent' ON 'Sent' (read)
Camel SQL Exec:
RELEASE SAVEPOINT TN1
DB Operation ended. Time Taken : 0.000025
###########

camel_db_select:
SELECT version FROM 'Sent_version' 

===========
DB SQL operation [SELECT version FROM 'Sent_version'] started
Camel SQL Exec:
SELECT version FROM 'Sent_version'
DB Operation ended. Time Taken : 0.000012
###########

camel_db_select:
SELECT uid,flags FROM 'Sent' order by dreceived 

===========
DB SQL operation [SELECT uid,flags FROM 'Sent' order by dreceived] started
Camel SQL Exec:
SELECT uid,flags FROM 'Sent' order by dreceived
DB Operation ended. Time Taken : 0.000039
###########
Creating Collation (null) on dreceived with (nil)

camel_db_select:
SELECT * FROM folders WHERE folder_name = 'Templates' 

===========
DB SQL operation [SELECT * FROM folders WHERE folder_name = 'Templates'] started
Camel SQL Exec:
SELECT * FROM folders WHERE folder_name = 'Templates'
DB Operation ended. Time Taken : 0.000017
###########

===========
DB SQL operation [SAVEPOINT TN1] started
Camel SQL Exec:
SAVEPOINT TN1
Camel SQL Exec:
CREATE TABLE IF NOT EXISTS 'Templates' ( uid TEXT PRIMARY KEY , flags INTEGER , msg_type INTEGER , read INTEGER , deleted INTEGER , replied INTEGER , important INTEGER , junk INTEGER , attachment INTEGER , dirty INTEGER , size INTEGER , dsent NUMERIC , dreceived NUMERIC , subject TEXT , mail_from TEXT , mail_to TEXT , mail_cc TEXT , mlist TEXT , followup_flag TEXT , followup_completed_on TEXT , followup_due_by TEXT , part TEXT , labels TEXT , usertags TEXT , cinfo TEXT , bdata TEXT, userheaders TEXT, preview TEXT, created TEXT, modified TEXT)
Camel SQL Exec:
DROP INDEX IF EXISTS 'SINDEX-Templates'
Camel SQL Exec:
CREATE INDEX IF NOT EXISTS 'DELINDEX-Templates' ON 'Templates' (deleted)
Camel SQL Exec:
CREATE INDEX IF NOT EXISTS 'JUNKINDEX-Templates' ON 'Templates' (junk)
Camel SQL Exec:
CREATE INDEX IF NOT EXISTS 'READINDEX-Templates' ON 'Templates' (read)
Camel SQL Exec:
RELEASE SAVEPOINT TN1
DB Operation ended. Time Taken : 0.000028
###########

camel_db_select:
SELECT version FROM 'Templates_version' 

===========
DB SQL operation [SELECT version FROM 'Templates_version'] started
Camel SQL Exec:
SELECT version FROM 'Templates_version'
DB Operation ended. Time Taken : 0.000013
###########

camel_db_select:
SELECT uid,flags FROM 'Templates' order by dreceived 

===========
DB SQL operation [SELECT uid,flags FROM 'Templates' order by dreceived] started
Camel SQL Exec:
SELECT uid,flags FROM 'Templates' order by dreceived
DB Operation ended. Time Taken : 0.000016
###########

Database successfully opened  

===========
DB SQL operation [ATTACH DATABASE ':memory:' AS mem] started
Camel SQL Exec:
ATTACH DATABASE ':memory:' AS mem
DB Operation ended. Time Taken : 0.000089
###########

===========
DB SQL operation [CREATE TABLE IF NOT EXISTS version (current INT)] started
Camel SQL Exec:
CREATE TABLE IF NOT EXISTS version (current INT)
DB Operation ended. Time Taken : 0.000010
###########

===========
DB SQL operation [CREATE TABLE IF NOT EXISTS sites (value TEXT PRIMARY KEY)] started
Camel SQL Exec:
CREATE TABLE IF NOT EXISTS sites (value TEXT PRIMARY KEY)
DB Operation ended. Time Taken : 0.000008
###########

===========
DB SQL operation [CREATE TABLE IF NOT EXISTS mails (value TEXT PRIMARY KEY)] started
Camel SQL Exec:
CREATE TABLE IF NOT EXISTS mails (value TEXT PRIMARY KEY)
DB Operation ended. Time Taken : 0.000007
###########

camel_db_select:
SELECT 'current' FROM 'version' 

===========
DB SQL operation [SELECT 'current' FROM 'version'] started
Camel SQL Exec:
SELECT 'current' FROM 'version'
DB Operation ended. Time Taken : 0.000013
###########

===========
DB SQL operation [DELETE FROM 'version'] started
Camel SQL Exec:
DELETE FROM 'version'
DB Operation ended. Time Taken : 0.003911
###########

===========
DB SQL operation [INSERT INTO 'version' ('current') VALUES (1);] started
Camel SQL Exec:
INSERT INTO 'version' ('current') VALUES (1);
DB Operation ended. Time Taken : 0.001290
###########

Database successfully opened  

===========
DB SQL operation [ATTACH DATABASE ':memory:' AS mem] started
Camel SQL Exec:
ATTACH DATABASE ':memory:' AS mem
DB Operation ended. Time Taken : 0.000187
###########

===========
DB SQL operation [CREATE TABLE IF NOT EXISTS version (current INT)] started
Camel SQL Exec:
CREATE TABLE IF NOT EXISTS version (current INT)
DB Operation ended. Time Taken : 0.000023
###########

===========
DB SQL operation [CREATE TABLE IF NOT EXISTS folders ('id' TEXT, 'key' TEXT, 'value' TEXT)] started
Camel SQL Exec:
CREATE TABLE IF NOT EXISTS folders ('id' TEXT, 'key' TEXT, 'value' TEXT)
DB Operation ended. Time Taken : 0.000022
###########

===========
DB SQL operation [CREATE INDEX IF NOT EXISTS 'folders_index' ON 'folders' (id,key)] started
Camel SQL Exec:
CREATE INDEX IF NOT EXISTS 'folders_index' ON 'folders' (id,key)
DB Operation ended. Time Taken : 0.000021
###########

camel_db_select:
SELECT 'current' FROM 'version' 

===========
DB SQL operation [SELECT 'current' FROM 'version'] started
Camel SQL Exec:
SELECT 'current' FROM 'version'
DB Operation ended. Time Taken : 0.000027
###########

===========
DB SQL operation [DELETE FROM 'version'] started
Camel SQL Exec:
DELETE FROM 'version'
DB Operation ended. Time Taken : 0.001131
###########

===========
DB SQL operation [INSERT INTO 'version' (current) VALUES (1);] started
Camel SQL Exec:
INSERT INTO 'version' (current) VALUES (1);
DB Operation ended. Time Taken : 0.001006
###########

camel_db_select:
SELECT uid, flags, size, dsent, dreceived, subject, mail_from, mail_to, mail_cc, mlist, part, labels, usertags, cinfo, bdata, userheaders, preview FROM 'Outbox' WHERE uid = '1781691729.455571_1.fedora' 

===========
DB SQL operation [SELECT uid, flags, size, dsent, dreceived, subject, mail_from, mail_to, mail_cc, mlist, part, labels, usertags, cinfo, bdata, userheaders, preview FROM 'Outbox' WHERE uid = '1781691729.455571_1.fedora'] started
Camel SQL Exec:
SELECT uid, flags, size, dsent, dreceived, subject, mail_from, mail_to, mail_cc, mlist, part, labels, usertags, cinfo, bdata, userheaders, preview FROM 'Outbox' WHERE uid = '1781691729.455571_1.fedora'
DB Operation ended. Time Taken : 0.000331
###########
[SMTP] Connecting to server smtp.ionos.de:587 from account 64f6403d67f4915092981a07baa513f67c6a1f6e
Thread 0x7f4e68001780 >
CamelFolder:get_message ('Outbox', '1781691729.455571_1.fedora') =
class: CamelMimeMessage
mime-type: text/plain; charset="UTF-8"
content class: CamelDataWrapper
content mime-type: text/plain; charset="UTF-8"
< 0x7f4e68001780 >

===========
DB SQL operation [SAVEPOINT TN1] started
Camel SQL Exec:
SAVEPOINT TN1
Camel SQL Exec:
DELETE FROM folders WHERE folder_name = '.#evolution/Junk'
Camel SQL Exec:
DROP TABLE IF EXISTS '.#evolution/Junk' 
Camel SQL Exec:
RELEASE SAVEPOINT TN1
DB Operation ended. Time Taken : 0.000060
###########

===========
DB SQL operation [SAVEPOINT TN1] started
Camel SQL Exec:
SAVEPOINT TN1
Camel SQL Exec:
DELETE FROM folders WHERE folder_name = '.#evolution/Trash'
Camel SQL Exec:
DROP TABLE IF EXISTS '.#evolution/Trash' 
Camel SQL Exec:
RELEASE SAVEPOINT TN1
DB Operation ended. Time Taken : 0.000033
###########
Added extension 'EMailFormatterItip' for type 'text/calendar'
Added extension 'EMailFormatterItip' for type 'application/ics'
Added extension 'EMailFormatterTextHighlight' for type 'text/plain'
Added extension 'EMailFormatterTextHighlight' for type 'text/*'
Added extension 'EMailFormatterTextHighlight' for type 'text/x-asm'
Added extension 'EMailFormatterTextHighlight' for type 'application/x-bsh'
Added extension 'EMailFormatterTextHighlight' for type 'application/x-sh'
Added extension 'EMailFormatterTextHighlight' for type 'application/x-shar'
Added extension 'EMailFormatterTextHighlight' for type 'application/x-shellscript'
Added extension 'EMailFormatterTextHighlight' for type 'text/x-script.sh'
Added extension 'EMailFormatterTextHighlight' for type 'text/x-c'
Added extension 'EMailFormatterTextHighlight' for type 'text/x-csharp'
Added extension 'EMailFormatterTextHighlight' for type 'text/css'
Added extension 'EMailFormatterTextHighlight' for type 'text/java-source'
Added extension 'EMailFormatterTextHighlight' for type 'text/javascript'
Added extension 'EMailFormatterTextHighlight' for type 'application/x-javascript'
Added extension 'EMailFormatterTextHighlight' for type 'text/x-diff'
Added extension 'EMailFormatterTextHighlight' for type 'text/x-patch'
Added extension 'EMailFormatterTextHighlight' for type 'text/x-script.perl'
Added extension 'EMailFormatterTextHighlight' for type 'text/x-script.perl-module'
Added extension 'EMailFormatterTextHighlight' for type 'application/x-pixclscript'
Added extension 'EMailFormatterTextHighlight' for type 'application/x-xpixmap'
Added extension 'EMailFormatterTextHighlight' for type 'text/php'
Added extension 'EMailFormatterTextHighlight' for type 'text/x-php'
Added extension 'EMailFormatterTextHighlight' for type 'application/php'
Added extension 'EMailFormatterTextHighlight' for type 'application/x-php'
Added extension 'EMailFormatterTextHighlight' for type 'application/x-httpd-php'
Added extension 'EMailFormatterTextHighlight' for type 'application/x-httpd-php-source'
Added extension 'EMailFormatterTextHighlight' for type 'text/x-script.python'
Added extension 'EMailFormatterTextHighlight' for type 'application/x-ruby'
Added extension 'EMailFormatterTextHighlight' for type 'text/x-tcl'
Added extension 'EMailFormatterTextHighlight' for type 'text/x-tex'
Added extension 'EMailFormatterTextHighlight' for type 'text/x-vala'
Added extension 'EMailFormatterTextHighlight' for type 'text/xml'
Added extension 'EMailFormatterTextHighlight' for type 'application/xml'
Added extension 'EMailFormatterTextHighlight' for type 'application/x-xml'
Added extension 'EMailFormatterTextHighlight' for type 'text/x-adasrc'
Added extension 'EMailFormatterTextHighlight' for type 'text/x-awk'
Added extension 'EMailFormatterTextHighlight' for type 'text/x-cobol'
Added extension 'EMailFormatterTextHighlight' for type 'text/x-erlang'
Added extension 'EMailFormatterTextHighlight' for type 'text/x-fortran'
Added extension 'EMailFormatterTextHighlight' for type 'text/x-fortran'
Added extension 'EMailFormatterTextHighlight' for type 'text/x-go'
Added extension 'EMailFormatterTextHighlight' for type 'text/x-haskell'
Added extension 'EMailFormatterTextHighlight' for type 'text/x-jsp'
Added extension 'EMailFormatterTextHighlight' for type 'text/x-emacs-lisp'
Added extension 'EMailFormatterTextHighlight' for type 'application/vnd.lotus-1-2-3'
Added extension 'EMailFormatterTextHighlight' for type 'text/x-lua'
Added extension 'EMailFormatterTextHighlight' for type 'text/x-matlab'
Added extension 'EMailFormatterTextHighlight' for type 'text/x-objchdr'
Added extension 'EMailFormatterTextHighlight' for type 'text/x-objcsrc'
Added extension 'EMailFormatterTextHighlight' for type 'text/x-ocaml'
Added extension 'EMailFormatterTextHighlight' for type 'text/x-pascal'
Added extension 'EMailFormatterTextHighlight' for type 'text/x-rpm-spec'
Added extension 'EMailFormatterTextHighlight' for type 'text/x-scala'
Added extension 'EMailFormatterTextHighlight' for type 'text/x-vhdl'
Added extension 'EMailFormatterVCard' for type 'text/vcard'
Added extension 'EMailFormatterVCard' for type 'text/x-vcard'
Added extension 'EMailFormatterVCard' for type 'text/directory'
Added extension 'EMailFormatterAttachment' for type 'application/vnd.evolution.attachment'
Added extension 'EMailFormatterAttachment' for type 'application/vnd.evolution.attachment-button'
Added extension 'EMailFormatterError' for type 'application/vnd.evolution.error'
Added extension 'EMailFormatterHeaders' for type 'application/vnd.evolution.headers'
Added extension 'EMailFormatterHeaders' for type 'text/rfc822-headers'
Added extension 'EMailFormatterImage' for type 'image/*'
Added extension 'EMailFormatterMessageRFC822' for type 'message/rfc822'
Added extension 'EMailFormatterMessageRFC822' for type 'application/vnd.evolution.rfc822.end'
Added extension 'EMailFormatterSecureButton' for type 'application/vnd.evolution.secure-button'
Added extension 'EMailFormatterSource' for type 'application/vnd.evolution.source'
Added extension 'EMailFormatterTextEnriched' for type 'text/enriched'
Added extension 'EMailFormatterTextEnriched' for type 'text/richtext'
Added extension 'EMailFormatterTextHTML' for type 'text/html'
Added extension 'EMailFormatterTextPlain' for type 'text/plain'
Added extension 'EMailFormatterTextPlain' for type 'text/*'
Added extension 'EMailFormatterTextPlain' for type 'message/*'
Added extension 'EMailFormatterTextPlain' for type 'application/vnd.evolution.plaintext'
Added extension 'EMailFormatterTextMarkdown' for type 'text/markdown'
Thread 0x7f4e68001da0 >
Get folder info(0x55b4082d5070:5a3cb79f5e935b0b69506691c6fac648f716775e, '<null>') =
  full_name: INBOX
  flags: 00000458
  full_name: Entwürfe
  flags: 00000018
  full_name: Gesendete Objekte
  flags: 00000014
    full_name: Gesendete Objekte/Verwaltung
    flags: 00000018
  full_name: Papierkorb
  flags: 00000c08
  full_name: Spam
  flags: 00001018
  full_name: Verwaltung
  flags: 00000018
< 0x7f4e68001da0 >
Thread 0x7f4e68002110 >
Get folder info(0x55b408366f50:7d4d725529d1a0bc09ea206814a8142f57e5c5e4, '<null>') =
  full_name: INBOX
  flags: 00000458
  full_name: .#evolution/Trash
  flags: 00000cf2
  full_name: .#evolution/Junk
  flags: 000010f2
< 0x7f4e68002110 >
Thread 0x55b406f225a0 >
[GPG] going to execute: gpg2 --verbose --no-secmem-warning --no-greeting --no-tty --batch --yes --status-fd=83 --export --export-options export-minimal,no-export-attributes --export-filter drop-subkey='expired -t || revoked -t || disabled -t || usage!~e' <s.bergmann@enterstry.de>
< 0x55b406f225a0 >
status: [GNUPG:] EXPORT_RES 0 0 0
[imapx:?] opening imap folder '/home/sbergmann/.cache/evolution/mail/5a3cb79f5e935b0b69506691c6fac648f716775e/folders/Entwürfe'

camel_db_select:
SELECT * FROM folders WHERE folder_name = 'Entwürfe' 

===========
DB SQL operation [SELECT * FROM folders WHERE folder_name = 'Entwürfe'] started
Camel SQL Exec:
SELECT * FROM folders WHERE folder_name = 'Entwürfe'

read_fir_callback called 
DB Operation ended. Time Taken : 0.000185
###########

===========
DB SQL operation [SAVEPOINT TN1] started
Camel SQL Exec:
SAVEPOINT TN1
Camel SQL Exec:
CREATE TABLE IF NOT EXISTS 'Entwürfe' ( uid TEXT PRIMARY KEY , flags INTEGER , msg_type INTEGER , read INTEGER , deleted INTEGER , replied INTEGER , important INTEGER , junk INTEGER , attachment INTEGER , dirty INTEGER , size INTEGER , dsent NUMERIC , dreceived NUMERIC , subject TEXT , mail_from TEXT , mail_to TEXT , mail_cc TEXT , mlist TEXT , followup_flag TEXT , followup_completed_on TEXT , followup_due_by TEXT , part TEXT , labels TEXT , usertags TEXT , cinfo TEXT , bdata TEXT, userheaders TEXT, preview TEXT, created TEXT, modified TEXT)
Camel SQL Exec:
DROP INDEX IF EXISTS 'SINDEX-Entwürfe'
Camel SQL Exec:
CREATE INDEX IF NOT EXISTS 'DELINDEX-Entwürfe' ON 'Entwürfe' (deleted)
Camel SQL Exec:
CREATE INDEX IF NOT EXISTS 'JUNKINDEX-Entwürfe' ON 'Entwürfe' (junk)
Camel SQL Exec:
CREATE INDEX IF NOT EXISTS 'READINDEX-Entwürfe' ON 'Entwürfe' (read)
Camel SQL Exec:
RELEASE SAVEPOINT TN1
DB Operation ended. Time Taken : 0.000101
###########

camel_db_select:
SELECT version FROM 'Entwürfe_version' 

===========
DB SQL operation [SELECT version FROM 'Entwürfe_version'] started
Camel SQL Exec:
SELECT version FROM 'Entwürfe_version'
DB Operation ended. Time Taken : 0.000037
###########

camel_db_select:
SELECT uid,flags FROM 'Entwürfe' 

===========
DB SQL operation [SELECT uid,flags FROM 'Entwürfe'] started
Camel SQL Exec:
SELECT uid,flags FROM 'Entwürfe'
DB Operation ended. Time Taken : 0.000029
###########

(process:2): GLib-GIO-WARNING **: 12:35:32.502: Error releasing name org.gnome.Evolution.Sandboxed.WebProcess-fda37cb7-0574-4b1b-a4ed-4a39751fe023: The connection is closed

(process:2): GLib-GIO-WARNING **: 12:35:32.502: Error releasing name org.gnome.Evolution.Sandboxed.WebProcess-8296bfbf-3ca3-4676-92a6-d689661ed9b3: The connection is closed

(process:2): GLib-GIO-WARNING **: 12:35:35.052: Error releasing name org.gnome.Evolution.Sandboxed.WebProcess-2415f7ed-242c-4a15-8b6c-f471044db33d: The connection is closed
Thread 0x7f4e68002480 >
Get folder info(0x55b407411300:e8168e49aaa636adc1f27278f421826637ce5c78, '<null>') =
  full_name: INBOX
  flags: 00000458
  full_name: Entwürfe
  flags: 00000018
  full_name: Gesendete Objekte
  flags: 00000018
  full_name: Papierkorb
  flags: 00000c18
  full_name: Spam
  flags: 00001018
< 0x7f4e68002480 >
Thread 0x7f4e68001160 >
Get folder info(0x55b407411300:e8168e49aaa636adc1f27278f421826637ce5c78, '<null>') =
  full_name: INBOX
  flags: 00000458
  full_name: Entwürfe
  flags: 00000018
  full_name: Gesendete Objekte
  flags: 00000018
  full_name: Papierkorb
  flags: 00000c18
  full_name: Spam
  flags: 00001018
< 0x7f4e68001160 >
Thread 0x7f4e68001470 >
Get folder info(0x55b4082d5070:5a3cb79f5e935b0b69506691c6fac648f716775e, '<null>') =
  full_name: INBOX
  flags: 00000458
  full_name: Entwürfe
  flags: 00000018
  full_name: Gesendete Objekte
  flags: 00000014
    full_name: Gesendete Objekte/Verwaltung
    flags: 00000018
  full_name: Papierkorb
  flags: 00000c08
  full_name: Spam
  flags: 00001018
  full_name: Verwaltung
  flags: 00000018
< 0x7f4e68001470 >
Thread 0x7f4e68001a90 >
Get folder info(0x55b408366f50:7d4d725529d1a0bc09ea206814a8142f57e5c5e4, '<null>') =
  full_name: INBOX
  flags: 00000458
  full_name: .#evolution/Trash
  flags: 00000cf2
  full_name: .#evolution/Junk
  flags: 000010f2
< 0x7f4e68001a90 >

Database successfully closed 

Database successfully closed 

Database successfully closed 

Database successfully closed 

Database successfully closed 

Database successfully closed 
Camel SQL Exec:
PRAGMA page_count;
Camel SQL Exec:
PRAGMA page_size;
Camel SQL Exec:
PRAGMA freelist_count;

Database successfully closed 
Camel SQL Exec:
PRAGMA page_count;
Camel SQL Exec:
PRAGMA page_size;
Camel SQL Exec:
PRAGMA freelist_count;

Database successfully closed 
